// Jest Snapshot v1, https://goo.gl/fbAQLP

exports[`HomePage should render correctly 1`] = `
<div
  className="home__container h-screen min-w-full relative"
  style={
    Object {
      "background": "url('test-file-stub')",
    }
  }
>
  <HeaderHome />
  <LoginContainer />
  <HomeSlider />
  <Footer />
  <div
    className="home__layer absolute w-full h-20 md:h-full inset-0"
  />
</div>
`;
