// Jest Snapshot v1, https://goo.gl/fbAQLP

exports[`Slider should render correctly 1`] = `
<div
  className="home__slider z-10 absolute p-10"
>
  <div
    className="text-xl font-bold text-gray-600"
  >
    slider-mainmenu
  </div>
  <hr
    className="my-5"
  />
  <div
    className="text-sm cursor-pointer hover-primary py-3 text-primary"
  >
    footer-link-home
  </div>
  <Collapse
    expandIcon={[Function]}
    expandIconPosition="right"
    ghost={true}
  >
    <CollapsePanel
      header={
        <div
          className="text-sm cursor-pointer hover-primary text-gray-900"
        >
          slider-network
        </div>
      }
      key="1"
    >
      <div
        className="collapse__items border-gray-300 p-3"
      >
        <div
          className="p-3 text-sm text-gray-900 hover-primary cursor-pointer"
        >
          slider-network-activity
        </div>
        <div
          className="p-3 text-sm text-gray-900 hover-primary cursor-pointer"
        >
          slider-network-photos
        </div>
        <div
          className="p-3 text-sm text-gray-900 hover-primary cursor-pointer"
        >
          slider-network-videos
        </div>
        <div
          className="p-3 text-sm text-gray-900 hover-primary cursor-pointer"
        >
          slider-network-members
        </div>
        <div
          className="p-3 text-sm text-gray-900 hover-primary cursor-pointer"
        >
          slider-network-groups
        </div>
        <div
          className="p-3 text-sm text-gray-900 hover-primary cursor-pointer"
        >
          slider-network-forums
        </div>
      </div>
    </CollapsePanel>
    <CollapsePanel
      header={
        <div
          className="text-sm cursor-pointer hover-primary text-gray-900"
        >
          slider-product
        </div>
      }
      key="2"
    >
      <div
        className="collapse__items border-gray-300 p-3"
      >
        <div
          className="p-3 text-sm text-gray-900 hover-primary cursor-pointer"
        >
          slider-product-all
        </div>
        <div
          className="p-3 text-sm text-gray-900 hover-primary cursor-pointer"
        >
          slider-product-categories
        </div>
      </div>
    </CollapsePanel>
    <CollapsePanel
      header={
        <div
          className="text-sm cursor-pointer hover-primary text-gray-900"
        >
          slider-jobs
        </div>
      }
      key="4"
    >
      <div
        className="collapse__items border-gray-300 p-3"
      >
        <div
          className="p-3 text-sm text-gray-900 hover-primary cursor-pointer"
        >
          slider-jobs-all
        </div>
        <div
          className="p-3 text-sm text-gray-900 hover-primary cursor-pointer"
        >
          slider-jobs-categories
        </div>
        <div
          className="p-3 text-sm text-gray-900 hover-primary cursor-pointer"
        >
          slider-jobs-submit
        </div>
      </div>
    </CollapsePanel>
    <CollapsePanel
      header={
        <div
          className="text-sm cursor-pointer hover-primary text-gray-900"
        >
          slider-classifields
        </div>
      }
      key="5"
    >
      <div
        className="collapse__items border-gray-300 p-3"
      >
        <div
          className="p-3 text-sm text-gray-900 hover-primary cursor-pointer"
        >
          slider-classifield-all
        </div>
        <div
          className="p-3 text-sm text-gray-900 hover-primary cursor-pointer"
        >
          slider-classifield-categories
        </div>
        <div
          className="p-3 text-sm text-gray-900 hover-primary cursor-pointer"
        >
          slider-classifield-submit
        </div>
      </div>
    </CollapsePanel>
  </Collapse>
  <div
    className="text-sm cursor-pointer hover-primary text-gray-900 py-3"
  >
    footer-link-aboutus
  </div>
  <div
    className="text-sm cursor-pointer hover-primary text-gray-900 py-3"
  >
    footer-link-faqs
  </div>
  <div
    className="text-sm cursor-pointer hover-primary text-gray-900 py-3"
  >
    footer-link-blog
  </div>
  <div
    className="text-sm cursor-pointer hover-primary text-gray-900 py-3"
  >
    footer-link-contact
  </div>
</div>
`;
